======================================
Job ID: 7040826
Post-processing UNet Experiment: 1
======================================
Waiting for all 12 output files to be generated by training jobs...
All required .nc files found! Starting post-processing.
====================================================
   Post-Processing Master Runner (postproc.py)
====================================================

====================================================
🌍 Running for region: ALLMORR
====================================================

🚀 Starting MEAN metrics suite for ALLMORR...

🔹 Processing: BIAS (ALLMORR)
--- Executing: python3 precip/mean/bias/Bias.py
[DEBUG] Processing reference data: mswep...

Processing dataset: bs64_lr1e-3
Saved metrics to: /srv/data/mohammad.elaabaribao/work/papers/downscaling/postproc/results/unet_exp1_sweep_postproc/2006-01-01_2020-12-31/allmorr/test/bias/results/bs64_lr1e-3_pr_allmorr_calcul_land_strategy_mean_first_corr_per_year_Annual.nc
Results saved: /srv/data/mohammad.elaabaribao/work/papers/downscaling/postproc/results/unet_exp1_sweep_postproc/2006-01-01_2020-12-31/allmorr/test/bias/results/seasonal_metrics_bs64_lr1e-3_pr_allmorr_calcul_land_mean_first.csv

Processing dataset: bs64_lr1e-4
Saved metrics to: /srv/data/mohammad.elaabaribao/work/papers/downscaling/postproc/results/unet_exp1_sweep_postproc/2006-01-01_2020-12-31/allmorr/test/bias/results/bs64_lr1e-4_pr_allmorr_calcul_land_strategy_mean_first_corr_per_year_Annual.nc
Results saved: /srv/data/mohammad.elaabaribao/work/papers/downscaling/postproc/results/unet_exp1_sweep_postproc/2006-01-01_2020-12-31/allmorr/test/bias/results/seasonal_metrics_bs64_lr1e-4_pr_allmorr_calcul_land_mean_first.csv

Processing dataset: bs64_lr1e-5
Saved metrics to: /srv/data/mohammad.elaabaribao/work/papers/downscaling/postproc/results/unet_exp1_sweep_postproc/2006-01-01_2020-12-31/allmorr/test/bias/results/bs64_lr1e-5_pr_allmorr_calcul_land_strategy_mean_first_corr_per_year_Annual.nc
Results saved: /srv/data/mohammad.elaabaribao/work/papers/downscaling/postproc/results/unet_exp1_sweep_postproc/2006-01-01_2020-12-31/allmorr/test/bias/results/seasonal_metrics_bs64_lr1e-5_pr_allmorr_calcul_land_mean_first.csv

Processing dataset: bs128_lr1e-3
Saved metrics to: /srv/data/mohammad.elaabaribao/work/papers/downscaling/postproc/results/unet_exp1_sweep_postproc/2006-01-01_2020-12-31/allmorr/test/bias/results/bs128_lr1e-3_pr_allmorr_calcul_land_strategy_mean_first_corr_per_year_Annual.nc
Results saved: /srv/data/mohammad.elaabaribao/work/papers/downscaling/postproc/results/unet_exp1_sweep_postproc/2006-01-01_2020-12-31/allmorr/test/bias/results/seasonal_metrics_bs128_lr1e-3_pr_allmorr_calcul_land_mean_first.csv

Processing dataset: bs128_lr1e-4
Saved metrics to: /srv/data/mohammad.elaabaribao/work/papers/downscaling/postproc/results/unet_exp1_sweep_postproc/2006-01-01_2020-12-31/allmorr/test/bias/results/bs128_lr1e-4_pr_allmorr_calcul_land_strategy_mean_first_corr_per_year_Annual.nc
Results saved: /srv/data/mohammad.elaabaribao/work/papers/downscaling/postproc/results/unet_exp1_sweep_postproc/2006-01-01_2020-12-31/allmorr/test/bias/results/seasonal_metrics_bs128_lr1e-4_pr_allmorr_calcul_land_mean_first.csv

Processing dataset: bs128_lr1e-5
Saved metrics to: /srv/data/mohammad.elaabaribao/work/papers/downscaling/postproc/results/unet_exp1_sweep_postproc/2006-01-01_2020-12-31/allmorr/test/bias/results/bs128_lr1e-5_pr_allmorr_calcul_land_strategy_mean_first_corr_per_year_Annual.nc
Results saved: /srv/data/mohammad.elaabaribao/work/papers/downscaling/postproc/results/unet_exp1_sweep_postproc/2006-01-01_2020-12-31/allmorr/test/bias/results/seasonal_metrics_bs128_lr1e-5_pr_allmorr_calcul_land_mean_first.csv

Processing dataset: bs512_lr1e-3
Saved metrics to: /srv/data/mohammad.elaabaribao/work/papers/downscaling/postproc/results/unet_exp1_sweep_postproc/2006-01-01_2020-12-31/allmorr/test/bias/results/bs512_lr1e-3_pr_allmorr_calcul_land_strategy_mean_first_corr_per_year_Annual.nc
Results saved: /srv/data/mohammad.elaabaribao/work/papers/downscaling/postproc/results/unet_exp1_sweep_postproc/2006-01-01_2020-12-31/allmorr/test/bias/results/seasonal_metrics_bs512_lr1e-3_pr_allmorr_calcul_land_mean_first.csv

Processing dataset: bs512_lr1e-4
Saved metrics to: /srv/data/mohammad.elaabaribao/work/papers/downscaling/postproc/results/unet_exp1_sweep_postproc/2006-01-01_2020-12-31/allmorr/test/bias/results/bs512_lr1e-4_pr_allmorr_calcul_land_strategy_mean_first_corr_per_year_Annual.nc
Results saved: /srv/data/mohammad.elaabaribao/work/papers/downscaling/postproc/results/unet_exp1_sweep_postproc/2006-01-01_2020-12-31/allmorr/test/bias/results/seasonal_metrics_bs512_lr1e-4_pr_allmorr_calcul_land_mean_first.csv

Processing dataset: bs512_lr1e-5
Saved metrics to: /srv/data/mohammad.elaabaribao/work/papers/downscaling/postproc/results/unet_exp1_sweep_postproc/2006-01-01_2020-12-31/allmorr/test/bias/results/bs512_lr1e-5_pr_allmorr_calcul_land_strategy_mean_first_corr_per_year_Annual.nc
Results saved: /srv/data/mohammad.elaabaribao/work/papers/downscaling/postproc/results/unet_exp1_sweep_postproc/2006-01-01_2020-12-31/allmorr/test/bias/results/seasonal_metrics_bs512_lr1e-5_pr_allmorr_calcul_land_mean_first.csv

Processing dataset: bs1024_lr1e-3
Saved metrics to: /srv/data/mohammad.elaabaribao/work/papers/downscaling/postproc/results/unet_exp1_sweep_postproc/2006-01-01_2020-12-31/allmorr/test/bias/results/bs1024_lr1e-3_pr_allmorr_calcul_land_strategy_mean_first_corr_per_year_Annual.nc
Results saved: /srv/data/mohammad.elaabaribao/work/papers/downscaling/postproc/results/unet_exp1_sweep_postproc/2006-01-01_2020-12-31/allmorr/test/bias/results/seasonal_metrics_bs1024_lr1e-3_pr_allmorr_calcul_land_mean_first.csv

Processing dataset: bs1024_lr1e-4
Saved metrics to: /srv/data/mohammad.elaabaribao/work/papers/downscaling/postproc/results/unet_exp1_sweep_postproc/2006-01-01_2020-12-31/allmorr/test/bias/results/bs1024_lr1e-4_pr_allmorr_calcul_land_strategy_mean_first_corr_per_year_Annual.nc
Results saved: /srv/data/mohammad.elaabaribao/work/papers/downscaling/postproc/results/unet_exp1_sweep_postproc/2006-01-01_2020-12-31/allmorr/test/bias/results/seasonal_metrics_bs1024_lr1e-4_pr_allmorr_calcul_land_mean_first.csv

Processing dataset: bs1024_lr1e-5
Saved metrics to: /srv/data/mohammad.elaabaribao/work/papers/downscaling/postproc/results/unet_exp1_sweep_postproc/2006-01-01_2020-12-31/allmorr/test/bias/results/bs1024_lr1e-5_pr_allmorr_calcul_land_strategy_mean_first_corr_per_year_Annual.nc
Results saved: /srv/data/mohammad.elaabaribao/work/papers/downscaling/postproc/results/unet_exp1_sweep_postproc/2006-01-01_2020-12-31/allmorr/test/bias/results/seasonal_metrics_bs1024_lr1e-5_pr_allmorr_calcul_land_mean_first.csv

Generating plots for period: Annual...
Saved scientific spatial map: /srv/data/mohammad.elaabaribao/work/papers/downscaling/postproc/results/unet_exp1_sweep_postproc/2006-01-01_2020-12-31/allmorr/test/bias/figures/all/spatial_mean_comparison_Annual.png
Saved scientific spatial map: /srv/data/mohammad.elaabaribao/work/papers/downscaling/postproc/results/unet_exp1_sweep_postproc/2006-01-01_2020-12-31/allmorr/test/bias/figures/all/spatial_bias_error_Annual.png
Saved boxplot distribution: /srv/data/mohammad.elaabaribao/work/papers/downscaling/postproc/results/unet_exp1_sweep_postproc/2006-01-01_2020-12-31/allmorr/test/bias/figures/all/bias_boxplot_Annual.png
Saved evolution plot: /srv/data/mohammad.elaabaribao/work/papers/downscaling/postproc/results/unet_exp1_sweep_postproc/2006-01-01_2020-12-31/allmorr/test/bias/figures/all/bias_evolution_Annual.png

=== PIPELINE TESTS ===
[PASSED]: File created -> seasonal_metrics_bs64_lr1e-3_pr_allmorr_calcul_land_mean_first.csv
[PASSED]: File created -> bs64_lr1e-3_pr_allmorr_calcul_land_strategy_mean_first_corr_per_year_Annual.nc
[PASSED]: File created -> seasonal_metrics_bs64_lr1e-4_pr_allmorr_calcul_land_mean_first.csv
[PASSED]: File created -> bs64_lr1e-4_pr_allmorr_calcul_land_strategy_mean_first_corr_per_year_Annual.nc
[PASSED]: File created -> seasonal_metrics_bs64_lr1e-5_pr_allmorr_calcul_land_mean_first.csv
[PASSED]: File created -> bs64_lr1e-5_pr_allmorr_calcul_land_strategy_mean_first_corr_per_year_Annual.nc
[PASSED]: File created -> seasonal_metrics_bs128_lr1e-3_pr_allmorr_calcul_land_mean_first.csv
[PASSED]: File created -> bs128_lr1e-3_pr_allmorr_calcul_land_strategy_mean_first_corr_per_year_Annual.nc
[PASSED]: File created -> seasonal_metrics_bs128_lr1e-4_pr_allmorr_calcul_land_mean_first.csv
[PASSED]: File created -> bs128_lr1e-4_pr_allmorr_calcul_land_strategy_mean_first_corr_per_year_Annual.nc
[PASSED]: File created -> seasonal_metrics_bs128_lr1e-5_pr_allmorr_calcul_land_mean_first.csv
[PASSED]: File created -> bs128_lr1e-5_pr_allmorr_calcul_land_strategy_mean_first_corr_per_year_Annual.nc
[PASSED]: File created -> seasonal_metrics_bs512_lr1e-3_pr_allmorr_calcul_land_mean_first.csv
[PASSED]: File created -> bs512_lr1e-3_pr_allmorr_calcul_land_strategy_mean_first_corr_per_year_Annual.nc
[PASSED]: File created -> seasonal_metrics_bs512_lr1e-4_pr_allmorr_calcul_land_mean_first.csv
[PASSED]: File created -> bs512_lr1e-4_pr_allmorr_calcul_land_strategy_mean_first_corr_per_year_Annual.nc
[PASSED]: File created -> seasonal_metrics_bs512_lr1e-5_pr_allmorr_calcul_land_mean_first.csv
[PASSED]: File created -> bs512_lr1e-5_pr_allmorr_calcul_land_strategy_mean_first_corr_per_year_Annual.nc
[PASSED]: File created -> seasonal_metrics_bs1024_lr1e-3_pr_allmorr_calcul_land_mean_first.csv
[PASSED]: File created -> bs1024_lr1e-3_pr_allmorr_calcul_land_strategy_mean_first_corr_per_year_Annual.nc
[PASSED]: File created -> seasonal_metrics_bs1024_lr1e-4_pr_allmorr_calcul_land_mean_first.csv
[PASSED]: File created -> bs1024_lr1e-4_pr_allmorr_calcul_land_strategy_mean_first_corr_per_year_Annual.nc
[PASSED]: File created -> seasonal_metrics_bs1024_lr1e-5_pr_allmorr_calcul_land_mean_first.csv
[PASSED]: File created -> bs1024_lr1e-5_pr_allmorr_calcul_land_strategy_mean_first_corr_per_year_Annual.nc
All Pipeline tests passed successfully! ✅
--- Executing: python3 precip/mean/bias/plot_bias.py

Processing plots for period: Annual
Generating temporal evolution plot for Annual...
Saved evolution plot: /srv/data/mohammad.elaabaribao/work/papers/downscaling/postproc/results/unet_exp1_sweep_postproc/2006-01-01_2020-12-31/allmorr/test/bias/figures/all/bias_evolution_Annual.png
Generating distribution boxplots for Annual...
Saved boxplot distribution: /srv/data/mohammad.elaabaribao/work/papers/downscaling/postproc/results/unet_exp1_sweep_postproc/2006-01-01_2020-12-31/allmorr/test/bias/figures/all/bias_boxplot_Annual.png

Plotting completed successfully! ✅

🔹 Processing: RMSE (ALLMORR)
--- Executing: python3 precip/mean/rmse/rmse.py
[DEBUG] Processing reference data for RMSE: mswep...

Processing dataset: bs64_lr1e-3
Saved metrics to: /srv/data/mohammad.elaabaribao/work/papers/downscaling/postproc/results/unet_exp1_sweep_postproc/2006-01-01_2020-12-31/allmorr/test/rmse/results/bs64_lr1e-3_pr_allmorr_calcul_land_strategy_mean_first_corr_per_year_Annual.nc

Processing dataset: bs64_lr1e-4
Saved metrics to: /srv/data/mohammad.elaabaribao/work/papers/downscaling/postproc/results/unet_exp1_sweep_postproc/2006-01-01_2020-12-31/allmorr/test/rmse/results/bs64_lr1e-4_pr_allmorr_calcul_land_strategy_mean_first_corr_per_year_Annual.nc

Processing dataset: bs64_lr1e-5
Saved metrics to: /srv/data/mohammad.elaabaribao/work/papers/downscaling/postproc/results/unet_exp1_sweep_postproc/2006-01-01_2020-12-31/allmorr/test/rmse/results/bs64_lr1e-5_pr_allmorr_calcul_land_strategy_mean_first_corr_per_year_Annual.nc

Processing dataset: bs128_lr1e-3
Saved metrics to: /srv/data/mohammad.elaabaribao/work/papers/downscaling/postproc/results/unet_exp1_sweep_postproc/2006-01-01_2020-12-31/allmorr/test/rmse/results/bs128_lr1e-3_pr_allmorr_calcul_land_strategy_mean_first_corr_per_year_Annual.nc

Processing dataset: bs128_lr1e-4
Saved metrics to: /srv/data/mohammad.elaabaribao/work/papers/downscaling/postproc/results/unet_exp1_sweep_postproc/2006-01-01_2020-12-31/allmorr/test/rmse/results/bs128_lr1e-4_pr_allmorr_calcul_land_strategy_mean_first_corr_per_year_Annual.nc

Processing dataset: bs128_lr1e-5
