====================================================
   Post-Processing Master Runner (postproc.py)
====================================================

====================================================
🌍 Running for region: ALLMORR
====================================================

🚀 Starting MEAN metrics suite for ALLMORR...

🔹 Processing: BIAS (ALLMORR)
--- Executing: python3 src/mean/bias/Bias.py
[DEBUG] Processing reference data: mswep...

Processing dataset: GLM
Saved metrics to: /srv/data/mohammad.elaabaribao/work/papers/downscaling/postproc/results/retained_models_evaluation_2006_2020/2006-01-01_2020-12-31/allmorr/test/bias/results/GLM_pr_allmorr_calcul_land_strategy_mean_first_corr_per_year_Annual.nc
Results saved: /srv/data/mohammad.elaabaribao/work/papers/downscaling/postproc/results/retained_models_evaluation_2006_2020/2006-01-01_2020-12-31/allmorr/test/bias/results/seasonal_metrics_GLM_pr_allmorr_calcul_land_mean_first.csv

Processing dataset: UNET
Saved metrics to: /srv/data/mohammad.elaabaribao/work/papers/downscaling/postproc/results/retained_models_evaluation_2006_2020/2006-01-01_2020-12-31/allmorr/test/bias/results/UNET_pr_allmorr_calcul_land_strategy_mean_first_corr_per_year_Annual.nc
Results saved: /srv/data/mohammad.elaabaribao/work/papers/downscaling/postproc/results/retained_models_evaluation_2006_2020/2006-01-01_2020-12-31/allmorr/test/bias/results/seasonal_metrics_UNET_pr_allmorr_calcul_land_mean_first.csv

Processing dataset: ViT
Saved metrics to: /srv/data/mohammad.elaabaribao/work/papers/downscaling/postproc/results/retained_models_evaluation_2006_2020/2006-01-01_2020-12-31/allmorr/test/bias/results/ViT_pr_allmorr_calcul_land_strategy_mean_first_corr_per_year_Annual.nc
Results saved: /srv/data/mohammad.elaabaribao/work/papers/downscaling/postproc/results/retained_models_evaluation_2006_2020/2006-01-01_2020-12-31/allmorr/test/bias/results/seasonal_metrics_ViT_pr_allmorr_calcul_land_mean_first.csv

Processing dataset: CNN
Saved metrics to: /srv/data/mohammad.elaabaribao/work/papers/downscaling/postproc/results/retained_models_evaluation_2006_2020/2006-01-01_2020-12-31/allmorr/test/bias/results/CNN_pr_allmorr_calcul_land_strategy_mean_first_corr_per_year_Annual.nc
Results saved: /srv/data/mohammad.elaabaribao/work/papers/downscaling/postproc/results/retained_models_evaluation_2006_2020/2006-01-01_2020-12-31/allmorr/test/bias/results/seasonal_metrics_CNN_pr_allmorr_calcul_land_mean_first.csv

Generating plots for period: Annual...
Saved scientific spatial map: /srv/data/mohammad.elaabaribao/work/papers/downscaling/postproc/results/retained_models_evaluation_2006_2020/2006-01-01_2020-12-31/allmorr/test/bias/figures/all/spatial_mean_comparison_Annual.png
Saved scientific spatial map: /srv/data/mohammad.elaabaribao/work/papers/downscaling/postproc/results/retained_models_evaluation_2006_2020/2006-01-01_2020-12-31/allmorr/test/bias/figures/all/spatial_bias_error_Annual.png
Saved boxplot distribution: /srv/data/mohammad.elaabaribao/work/papers/downscaling/postproc/results/retained_models_evaluation_2006_2020/2006-01-01_2020-12-31/allmorr/test/bias/figures/all/bias_boxplot_Annual.png
Saved evolution plot: /srv/data/mohammad.elaabaribao/work/papers/downscaling/postproc/results/retained_models_evaluation_2006_2020/2006-01-01_2020-12-31/allmorr/test/bias/figures/all/bias_evolution_Annual.png

=== PIPELINE TESTS ===
[PASSED]: File created -> seasonal_metrics_GLM_pr_allmorr_calcul_land_mean_first.csv
[PASSED]: File created -> GLM_pr_allmorr_calcul_land_strategy_mean_first_corr_per_year_Annual.nc
[PASSED]: File created -> seasonal_metrics_UNET_pr_allmorr_calcul_land_mean_first.csv
[PASSED]: File created -> UNET_pr_allmorr_calcul_land_strategy_mean_first_corr_per_year_Annual.nc
[PASSED]: File created -> seasonal_metrics_ViT_pr_allmorr_calcul_land_mean_first.csv
[PASSED]: File created -> ViT_pr_allmorr_calcul_land_strategy_mean_first_corr_per_year_Annual.nc
[PASSED]: File created -> seasonal_metrics_CNN_pr_allmorr_calcul_land_mean_first.csv
[PASSED]: File created -> CNN_pr_allmorr_calcul_land_strategy_mean_first_corr_per_year_Annual.nc
All Pipeline tests passed successfully! ✅
--- Executing: python3 src/mean/bias/plot_bias.py

Processing plots for period: Annual
Generating temporal evolution plot for Annual...
Saved evolution plot: /srv/data/mohammad.elaabaribao/work/papers/downscaling/postproc/results/retained_models_evaluation_2006_2020/2006-01-01_2020-12-31/allmorr/test/bias/figures/all/bias_evolution_Annual.png
Generating distribution boxplots for Annual...
Saved boxplot distribution: /srv/data/mohammad.elaabaribao/work/papers/downscaling/postproc/results/retained_models_evaluation_2006_2020/2006-01-01_2020-12-31/allmorr/test/bias/figures/all/bias_boxplot_Annual.png

Plotting completed successfully! ✅

🔹 Processing: RMSE (ALLMORR)
--- Executing: python3 src/mean/rmse/rmse.py
[DEBUG] Processing reference data for RMSE: mswep...

Processing dataset: GLM
Saved metrics to: /srv/data/mohammad.elaabaribao/work/papers/downscaling/postproc/results/retained_models_evaluation_2006_2020/2006-01-01_2020-12-31/allmorr/test/rmse/results/GLM_pr_allmorr_calcul_land_strategy_mean_first_corr_per_year_Annual.nc

Processing dataset: UNET
Saved metrics to: /srv/data/mohammad.elaabaribao/work/papers/downscaling/postproc/results/retained_models_evaluation_2006_2020/2006-01-01_2020-12-31/allmorr/test/rmse/results/UNET_pr_allmorr_calcul_land_strategy_mean_first_corr_per_year_Annual.nc

Processing dataset: ViT
Saved metrics to: /srv/data/mohammad.elaabaribao/work/papers/downscaling/postproc/results/retained_models_evaluation_2006_2020/2006-01-01_2020-12-31/allmorr/test/rmse/results/ViT_pr_allmorr_calcul_land_strategy_mean_first_corr_per_year_Annual.nc

Processing dataset: CNN
Saved metrics to: /srv/data/mohammad.elaabaribao/work/papers/downscaling/postproc/results/retained_models_evaluation_2006_2020/2006-01-01_2020-12-31/allmorr/test/rmse/results/CNN_pr_allmorr_calcul_land_strategy_mean_first_corr_per_year_Annual.nc

[DEBUG] Generating Spatial Comparison Maps for RMSE...

Generating plots for period: Annual...
Saved scientific spatial map: /srv/data/mohammad.elaabaribao/work/papers/downscaling/postproc/results/retained_models_evaluation_2006_2020/2006-01-01_2020-12-31/allmorr/test/rmse/figures/all/spatial_rmse_error_Annual.png
Saved boxplot distribution: /srv/data/mohammad.elaabaribao/work/papers/downscaling/postproc/results/retained_models_evaluation_2006_2020/2006-01-01_2020-12-31/allmorr/test/rmse/figures/all/rmse_boxplot_Annual.png
Saved evolution plot: /srv/data/mohammad.elaabaribao/work/papers/downscaling/postproc/results/retained_models_evaluation_2006_2020/2006-01-01_2020-12-31/allmorr/test/rmse/figures/all/rmse_evolution_Annual.png

=== PIPELINE TESTS ===
[PASSED]: File created -> seasonal_metrics_GLM_pr_allmorr_calcul_land_mean_first.csv
[PASSED]: File created -> GLM_pr_allmorr_calcul_land_strategy_mean_first_corr_per_year_Annual.nc
[PASSED]: File created -> seasonal_metrics_UNET_pr_allmorr_calcul_land_mean_first.csv
[PASSED]: File created -> UNET_pr_allmorr_calcul_land_strategy_mean_first_corr_per_year_Annual.nc
[PASSED]: File created -> seasonal_metrics_ViT_pr_allmorr_calcul_land_mean_first.csv
[PASSED]: File created -> ViT_pr_allmorr_calcul_land_strategy_mean_first_corr_per_year_Annual.nc
[PASSED]: File created -> seasonal_metrics_CNN_pr_allmorr_calcul_land_mean_first.csv
[PASSED]: File created -> CNN_pr_allmorr_calcul_land_strategy_mean_first_corr_per_year_Annual.nc
All Pipeline tests passed successfully! ✅
--- Executing: python3 src/mean/rmse/plot_rmse.py

Processing plots for period: Annual
Generating spatial map for Annual...
Saved scientific spatial map: /srv/data/mohammad.elaabaribao/work/papers/downscaling/postproc/results/retained_models_evaluation_2006_2020/2006-01-01_2020-12-31/allmorr/test/rmse/figures/all/rmse_spatial_map_Annual.png
Generating temporal evolution plot for Annual...
Saved evolution plot: /srv/data/mohammad.elaabaribao/work/papers/downscaling/postproc/results/retained_models_evaluation_2006_2020/2006-01-01_2020-12-31/allmorr/test/rmse/figures/all/rmse_evolution_Annual.png
Generating distribution boxplots for Annual...
Saved boxplot distribution: /srv/data/mohammad.elaabaribao/work/papers/downscaling/postproc/results/retained_models_evaluation_2006_2020/2006-01-01_2020-12-31/allmorr/test/rmse/figures/all/rmse_boxplot_Annual.png

Plotting completed successfully! ✅

🔹 Processing: CORRELATION (ALLMORR)
--- Executing: python3 src/mean/correlation/correlation.py
