======================================
Job ID: 7039033
Start time: ج ماي 15 22:46:02 +01 2026
Post-processing ViT Hybrids vs CNN (LMDZ 250)
======================================
====================================================
   Post-Processing Master Runner (postproc.py)
====================================================

====================================================
🌍 Running for region: ALLMORR
====================================================

🚀 Starting MEAN metrics suite for ALLMORR...

🔹 Processing: BIAS (ALLMORR)
--- Executing: python3 precip/mean/bias/Bias.py
[DEBUG] Processing reference data: mswep...

Processing dataset: unet
Saved metrics to: /srv/data/mohammad.elaabaribao/work/papers/downscaling/postproc/results/vits_glm_vs_cnn_lmdz250/1979-01-01_2014-12-31/allmorr/test/bias/results/unet_pr_allmorr_calcul_land_strategy_mean_first_corr_per_year_Annual.nc
Results saved: /srv/data/mohammad.elaabaribao/work/papers/downscaling/postproc/results/vits_glm_vs_cnn_lmdz250/1979-01-01_2014-12-31/allmorr/test/bias/results/seasonal_metrics_unet_pr_allmorr_calcul_land_mean_first.csv

Processing dataset: cnn
Saved metrics to: /srv/data/mohammad.elaabaribao/work/papers/downscaling/postproc/results/vits_glm_vs_cnn_lmdz250/1979-01-01_2014-12-31/allmorr/test/bias/results/cnn_pr_allmorr_calcul_land_strategy_mean_first_corr_per_year_Annual.nc
Results saved: /srv/data/mohammad.elaabaribao/work/papers/downscaling/postproc/results/vits_glm_vs_cnn_lmdz250/1979-01-01_2014-12-31/allmorr/test/bias/results/seasonal_metrics_cnn_pr_allmorr_calcul_land_mean_first.csv

Processing dataset: glm
Saved metrics to: /srv/data/mohammad.elaabaribao/work/papers/downscaling/postproc/results/vits_glm_vs_cnn_lmdz250/1979-01-01_2014-12-31/allmorr/test/bias/results/glm_pr_allmorr_calcul_land_strategy_mean_first_corr_per_year_Annual.nc
Results saved: /srv/data/mohammad.elaabaribao/work/papers/downscaling/postproc/results/vits_glm_vs_cnn_lmdz250/1979-01-01_2014-12-31/allmorr/test/bias/results/seasonal_metrics_glm_pr_allmorr_calcul_land_mean_first.csv

Processing dataset: ViT_Exp21_Best
Saved metrics to: /srv/data/mohammad.elaabaribao/work/papers/downscaling/postproc/results/vits_glm_vs_cnn_lmdz250/1979-01-01_2014-12-31/allmorr/test/bias/results/ViT_Exp21_Best_pr_allmorr_calcul_land_strategy_mean_first_corr_per_year_Annual.nc
Results saved: /srv/data/mohammad.elaabaribao/work/papers/downscaling/postproc/results/vits_glm_vs_cnn_lmdz250/1979-01-01_2014-12-31/allmorr/test/bias/results/seasonal_metrics_ViT_Exp21_Best_pr_allmorr_calcul_land_mean_first.csv

Processing dataset: vit_precip_exp22_hybrid_deep_reg
Saved metrics to: /srv/data/mohammad.elaabaribao/work/papers/downscaling/postproc/results/vits_glm_vs_cnn_lmdz250/1979-01-01_2014-12-31/allmorr/test/bias/results/vit_precip_exp22_hybrid_deep_reg_pr_allmorr_calcul_land_strategy_mean_first_corr_per_year_Annual.nc
Results saved: /srv/data/mohammad.elaabaribao/work/papers/downscaling/postproc/results/vits_glm_vs_cnn_lmdz250/1979-01-01_2014-12-31/allmorr/test/bias/results/seasonal_metrics_vit_precip_exp22_hybrid_deep_reg_pr_allmorr_calcul_land_mean_first.csv

Generating plots for period: Annual...
Saved scientific spatial map: /srv/data/mohammad.elaabaribao/work/papers/downscaling/postproc/results/vits_glm_vs_cnn_lmdz250/1979-01-01_2014-12-31/allmorr/test/bias/figures/all/spatial_mean_comparison_Annual.png
Traceback (most recent call last):
  File "/srv/data/mohammad.elaabaribao/work/papers/downscaling/postproc/precip/mean/bias/Bias.py", line 214, in <module>
    main()
  File "/srv/data/mohammad.elaabaribao/work/papers/downscaling/postproc/precip/mean/bias/Bias.py", line 184, in main
    utils.plot_spatial_maps(error_dict, "bias", period=period, 
  File "/srv/data/mohammad.elaabaribao/work/papers/downscaling/postproc/utils.py", line 452, in plot_spatial_maps
    norm = mcolors.BoundaryNorm(levels, ncolors=cmap.N, extend='both')
  File "/home/mohammad.elaabaribao/.conda/envs/clean_env_Pytorch/lib/python3.9/site-packages/matplotlib/colors.py", line 2110, in __init__
    raise ValueError(f"There are {self._n_regions} color bins "
ValueError: There are 20 color bins including extensions, but ncolors = 14; ncolors must equal or exceed the number of bins
!!! Error executing python3 precip/mean/bias/Bias.py
--- Executing: python3 precip/mean/bias/plot_bias.py

Processing plots for period: Annual
Generating temporal evolution plot for Annual...
Saved evolution plot: /srv/data/mohammad.elaabaribao/work/papers/downscaling/postproc/results/vits_glm_vs_cnn_lmdz250/1979-01-01_2014-12-31/allmorr/test/bias/figures/all/bias_evolution_Annual.png
Generating distribution boxplots for Annual...
Saved boxplot distribution: /srv/data/mohammad.elaabaribao/work/papers/downscaling/postproc/results/vits_glm_vs_cnn_lmdz250/1979-01-01_2014-12-31/allmorr/test/bias/figures/all/bias_boxplot_Annual.png

Plotting completed successfully! ✅

🔹 Processing: RMSE (ALLMORR)
--- Executing: python3 precip/mean/rmse/rmse.py
[DEBUG] Processing reference data for RMSE: mswep...

Processing dataset: unet
Saved metrics to: /srv/data/mohammad.elaabaribao/work/papers/downscaling/postproc/results/vits_glm_vs_cnn_lmdz250/1979-01-01_2014-12-31/allmorr/test/rmse/results/unet_pr_allmorr_calcul_land_strategy_mean_first_corr_per_year_Annual.nc

Processing dataset: cnn
Saved metrics to: /srv/data/mohammad.elaabaribao/work/papers/downscaling/postproc/results/vits_glm_vs_cnn_lmdz250/1979-01-01_2014-12-31/allmorr/test/rmse/results/cnn_pr_allmorr_calcul_land_strategy_mean_first_corr_per_year_Annual.nc

Processing dataset: glm
Saved metrics to: /srv/data/mohammad.elaabaribao/work/papers/downscaling/postproc/results/vits_glm_vs_cnn_lmdz250/1979-01-01_2014-12-31/allmorr/test/rmse/results/glm_pr_allmorr_calcul_land_strategy_mean_first_corr_per_year_Annual.nc

Processing dataset: ViT_Exp21_Best
Saved metrics to: /srv/data/mohammad.elaabaribao/work/papers/downscaling/postproc/results/vits_glm_vs_cnn_lmdz250/1979-01-01_2014-12-31/allmorr/test/rmse/results/ViT_Exp21_Best_pr_allmorr_calcul_land_strategy_mean_first_corr_per_year_Annual.nc

Processing dataset: vit_precip_exp22_hybrid_deep_reg
Saved metrics to: /srv/data/mohammad.elaabaribao/work/papers/downscaling/postproc/results/vits_glm_vs_cnn_lmdz250/1979-01-01_2014-12-31/allmorr/test/rmse/results/vit_precip_exp22_hybrid_deep_reg_pr_allmorr_calcul_land_strategy_mean_first_corr_per_year_Annual.nc

[DEBUG] Generating Spatial Comparison Maps for RMSE...

Generating plots for period: Annual...
Saved scientific spatial map: /srv/data/mohammad.elaabaribao/work/papers/downscaling/postproc/results/vits_glm_vs_cnn_lmdz250/1979-01-01_2014-12-31/allmorr/test/rmse/figures/all/spatial_rmse_error_Annual.png
Saved boxplot distribution: /srv/data/mohammad.elaabaribao/work/papers/downscaling/postproc/results/vits_glm_vs_cnn_lmdz250/1979-01-01_2014-12-31/allmorr/test/rmse/figures/all/rmse_boxplot_Annual.png
Saved evolution plot: /srv/data/mohammad.elaabaribao/work/papers/downscaling/postproc/results/vits_glm_vs_cnn_lmdz250/1979-01-01_2014-12-31/allmorr/test/rmse/figures/all/rmse_evolution_Annual.png

=== PIPELINE TESTS ===
[PASSED]: File created -> seasonal_metrics_unet_pr_allmorr_calcul_land_mean_first.csv
[PASSED]: File created -> unet_pr_allmorr_calcul_land_strategy_mean_first_corr_per_year_Annual.nc
[PASSED]: File created -> seasonal_metrics_cnn_pr_allmorr_calcul_land_mean_first.csv
[PASSED]: File created -> cnn_pr_allmorr_calcul_land_strategy_mean_first_corr_per_year_Annual.nc
[PASSED]: File created -> seasonal_metrics_glm_pr_allmorr_calcul_land_mean_first.csv
[PASSED]: File created -> glm_pr_allmorr_calcul_land_strategy_mean_first_corr_per_year_Annual.nc
[PASSED]: File created -> seasonal_metrics_ViT_Exp21_Best_pr_allmorr_calcul_land_mean_first.csv
[PASSED]: File created -> ViT_Exp21_Best_pr_allmorr_calcul_land_strategy_mean_first_corr_per_year_Annual.nc
[PASSED]: File created -> seasonal_metrics_vit_precip_exp22_hybrid_deep_reg_pr_allmorr_calcul_land_mean_first.csv
[PASSED]: File created -> vit_precip_exp22_hybrid_deep_reg_pr_allmorr_calcul_land_strategy_mean_first_corr_per_year_Annual.nc
All Pipeline tests passed successfully! ✅
--- Executing: python3 precip/mean/rmse/plot_rmse.py

Processing plots for period: Annual
Generating spatial map for Annual...
Saved scientific spatial map: /srv/data/mohammad.elaabaribao/work/papers/downscaling/postproc/results/vits_glm_vs_cnn_lmdz250/1979-01-01_2014-12-31/allmorr/test/rmse/figures/all/rmse_spatial_map_Annual.png
Generating temporal evolution plot for Annual...
Saved evolution plot: /srv/data/mohammad.elaabaribao/work/papers/downscaling/postproc/results/vits_glm_vs_cnn_lmdz250/1979-01-01_2014-12-31/allmorr/test/rmse/figures/all/rmse_evolution_Annual.png
Generating distribution boxplots for Annual...
Saved boxplot distribution: /srv/data/mohammad.elaabaribao/work/papers/downscaling/postproc/results/vits_glm_vs_cnn_lmdz250/1979-01-01_2014-12-31/allmorr/test/rmse/figures/all/rmse_boxplot_Annual.png

Plotting completed successfully! ✅

🔹 Processing: CORRELATION (ALLMORR)
--- Executing: python3 precip/mean/correlation/correlation.py
[DEBUG] Processing reference data for Correlation: mswep...

Processing dataset: unet
Saved metrics to: /srv/data/mohammad.elaabaribao/work/papers/downscaling/postproc/results/vits_glm_vs_cnn_lmdz250/1979-01-01_2014-12-31/allmorr/test/correlation/results/unet_pr_allmorr_calcul_land_strategy_per_year_corr_per_year_Annual.nc
Results saved: /srv/data/mohammad.elaabaribao/work/papers/downscaling/postproc/results/vits_glm_vs_cnn_lmdz250/1979-01-01_2014-12-31/allmorr/test/correlation/results/seasonal_metrics_unet_pr_allmorr_calcul_land_per_year.csv

Processing dataset: cnn
Saved metrics to: /srv/data/mohammad.elaabaribao/work/papers/downscaling/postproc/results/vits_glm_vs_cnn_lmdz250/1979-01-01_2014-12-31/allmorr/test/correlation/results/cnn_pr_allmorr_calcul_land_strategy_per_year_corr_per_year_Annual.nc
Results saved: /srv/data/mohammad.elaabaribao/work/papers/downscaling/postproc/results/vits_glm_vs_cnn_lmdz250/1979-01-01_2014-12-31/allmorr/test/correlation/results/seasonal_metrics_cnn_pr_allmorr_calcul_land_per_year.csv

Processing dataset: glm
Saved metrics to: /srv/data/mohammad.elaabaribao/work/papers/downscaling/postproc/results/vits_glm_vs_cnn_lmdz250/1979-01-01_2014-12-31/allmorr/test/correlation/results/glm_pr_allmorr_calcul_land_strategy_per_year_corr_per_year_Annual.nc
Results saved: /srv/data/mohammad.elaabaribao/work/papers/downscaling/postproc/results/vits_glm_vs_cnn_lmdz250/1979-01-01_2014-12-31/allmorr/test/correlation/results/seasonal_metrics_glm_pr_allmorr_calcul_land_per_year.csv

Processing dataset: ViT_Exp21_Best
Saved metrics to: /srv/data/mohammad.elaabaribao/work/papers/downscaling/postproc/results/vits_glm_vs_cnn_lmdz250/1979-01-01_2014-12-31/allmorr/test/correlation/results/ViT_Exp21_Best_pr_allmorr_calcul_land_strategy_per_year_corr_per_year_Annual.nc
Results saved: /srv/data/mohammad.elaabaribao/work/papers/downscaling/postproc/results/vits_glm_vs_cnn_lmdz250/1979-01-01_2014-12-31/allmorr/test/correlation/results/seasonal_metrics_ViT_Exp21_Best_pr_allmorr_calcul_land_per_year.csv

Processing dataset: vit_precip_exp22_hybrid_deep_reg
Saved metrics to: /srv/data/mohammad.elaabaribao/work/papers/downscaling/postproc/results/vits_glm_vs_cnn_lmdz250/1979-01-01_2014-12-31/allmorr/test/correlation/results/vit_precip_exp22_hybrid_deep_reg_pr_allmorr_calcul_land_strategy_per_year_corr_per_year_Annual.nc
Results saved: /srv/data/mohammad.elaabaribao/work/papers/downscaling/postproc/results/vits_glm_vs_cnn_lmdz250/1979-01-01_2014-12-31/allmorr/test/correlation/results/seasonal_metrics_vit_precip_exp22_hybrid_deep_reg_pr_allmorr_calcul_land_per_year.csv

Generating plots for period: Annual...
Saved scientific spatial map: /srv/data/mohammad.elaabaribao/work/papers/downscaling/postproc/results/vits_glm_vs_cnn_lmdz250/1979-01-01_2014-12-31/allmorr/test/correlation/figures/all/spatial_correlation_Annual.png
Saved boxplot distribution: /srv/data/mohammad.elaabaribao/work/papers/downscaling/postproc/results/vits_glm_vs_cnn_lmdz250/1979-01-01_2014-12-31/allmorr/test/correlation/figures/all/correlation_boxplot_Annual.png
Saved evolution plot: /srv/data/mohammad.elaabaribao/work/papers/downscaling/postproc/results/vits_glm_vs_cnn_lmdz250/1979-01-01_2014-12-31/allmorr/test/correlation/figures/all/correlation_evolution_Annual.png

=== PIPELINE TESTS ===
[PASSED]: File created -> seasonal_metrics_unet_pr_allmorr_calcul_land_per_year.csv
[PASSED]: File created -> unet_pr_allmorr_calcul_land_strategy_per_year_corr_per_year_Annual.nc
[PASSED]: File created -> seasonal_metrics_cnn_pr_allmorr_calcul_land_per_year.csv
[PASSED]: File created -> cnn_pr_allmorr_calcul_land_strategy_per_year_corr_per_year_Annual.nc
[PASSED]: File created -> seasonal_metrics_glm_pr_allmorr_calcul_land_per_year.csv
[PASSED]: File created -> glm_pr_allmorr_calcul_land_strategy_per_year_corr_per_year_Annual.nc
[PASSED]: File created -> seasonal_metrics_ViT_Exp21_Best_pr_allmorr_calcul_land_per_year.csv
[PASSED]: File created -> ViT_Exp21_Best_pr_allmorr_calcul_land_strategy_per_year_corr_per_year_Annual.nc
[PASSED]: File created -> seasonal_metrics_vit_precip_exp22_hybrid_deep_reg_pr_allmorr_calcul_land_per_year.csv
[PASSED]: File created -> vit_precip_exp22_hybrid_deep_reg_pr_allmorr_calcul_land_strategy_per_year_corr_per_year_Annual.nc
All Pipeline tests passed successfully! ✅
--- Executing: python3 precip/mean/correlation/plot_corr.py

Processing plots for period: Annual
Generating spatial map for Annual...
Saved scientific spatial map: /srv/data/mohammad.elaabaribao/work/papers/downscaling/postproc/results/vits_glm_vs_cnn_lmdz250/1979-01-01_2014-12-31/allmorr/test/correlation/figures/all/correlation_spatial_map_Annual.png
Generating temporal evolution plot for Annual...
Saved evolution plot: /srv/data/mohammad.elaabaribao/work/papers/downscaling/postproc/results/vits_glm_vs_cnn_lmdz250/1979-01-01_2014-12-31/allmorr/test/correlation/figures/all/correlation_evolution_Annual.png
Generating distribution boxplots for Annual...
Saved boxplot distribution: /srv/data/mohammad.elaabaribao/work/papers/downscaling/postproc/results/vits_glm_vs_cnn_lmdz250/1979-01-01_2014-12-31/allmorr/test/correlation/figures/all/correlation_boxplot_Annual.png

Plotting completed successfully! ✅

⏩ Skipping EXTREME metrics (disabled in config).

====================================================
   Post-Processing Finished for all regions!
====================================================
======================================
Job completed.
======================================
