======================================
Job ID: 7039482
Start time: س ماي 16 13:18:09 +01 2026
Post-processing ViT Hybrids vs CNN (LMDZ 250)
======================================
====================================================
   Post-Processing Master Runner (postproc.py)
====================================================

====================================================
🌍 Running for region: ALLMORR
====================================================

⏩ Skipping MEAN metrics (disabled in config).

🚀 Starting EXTREME metrics suite for ALLMORR...

🔹 Processing: CDD (ALLMORR)
--- Executing: python3 precip/extreme/cdd/cdd.py
[DEBUG] Processing reference data for CDD: mswep...

Processing dataset: mswep
Saved metrics to: /srv/data/mohammad.elaabaribao/work/papers/downscaling/postproc/results/vits_glm_vs_cnn_lmdz250/1979-01-01_2014-12-31/allmorr/test/cdd/results/mswep_pr_allmorr_calcul_land_strategy_per_year_corr_per_year_Annual.nc
Results saved: /srv/data/mohammad.elaabaribao/work/papers/downscaling/postproc/results/vits_glm_vs_cnn_lmdz250/1979-01-01_2014-12-31/allmorr/test/cdd/results/seasonal_metrics_mswep_pr_allmorr_calcul_land_per_year.csv

Processing dataset: unet
Saved metrics to: /srv/data/mohammad.elaabaribao/work/papers/downscaling/postproc/results/vits_glm_vs_cnn_lmdz250/1979-01-01_2014-12-31/allmorr/test/cdd/results/unet_pr_allmorr_calcul_land_strategy_per_year_corr_per_year_Annual.nc
Saved metrics to: /srv/data/mohammad.elaabaribao/work/papers/downscaling/postproc/results/vits_glm_vs_cnn_lmdz250/1979-01-01_2014-12-31/allmorr/test/cdd/results/unet_pr_allmorr_calcul_land_strategy_per_year_corr_per_year_DJF.nc
Saved metrics to: /srv/data/mohammad.elaabaribao/work/papers/downscaling/postproc/results/vits_glm_vs_cnn_lmdz250/1979-01-01_2014-12-31/allmorr/test/cdd/results/unet_pr_allmorr_calcul_land_strategy_per_year_corr_per_year_MAM.nc
Saved metrics to: /srv/data/mohammad.elaabaribao/work/papers/downscaling/postproc/results/vits_glm_vs_cnn_lmdz250/1979-01-01_2014-12-31/allmorr/test/cdd/results/unet_pr_allmorr_calcul_land_strategy_per_year_corr_per_year_JJA.nc
Saved metrics to: /srv/data/mohammad.elaabaribao/work/papers/downscaling/postproc/results/vits_glm_vs_cnn_lmdz250/1979-01-01_2014-12-31/allmorr/test/cdd/results/unet_pr_allmorr_calcul_land_strategy_per_year_corr_per_year_SON.nc
Results saved: /srv/data/mohammad.elaabaribao/work/papers/downscaling/postproc/results/vits_glm_vs_cnn_lmdz250/1979-01-01_2014-12-31/allmorr/test/cdd/results/seasonal_metrics_unet_pr_allmorr_calcul_land_per_year.csv

Processing dataset: cnn
Saved metrics to: /srv/data/mohammad.elaabaribao/work/papers/downscaling/postproc/results/vits_glm_vs_cnn_lmdz250/1979-01-01_2014-12-31/allmorr/test/cdd/results/cnn_pr_allmorr_calcul_land_strategy_per_year_corr_per_year_Annual.nc
Saved metrics to: /srv/data/mohammad.elaabaribao/work/papers/downscaling/postproc/results/vits_glm_vs_cnn_lmdz250/1979-01-01_2014-12-31/allmorr/test/cdd/results/cnn_pr_allmorr_calcul_land_strategy_per_year_corr_per_year_DJF.nc
Saved metrics to: /srv/data/mohammad.elaabaribao/work/papers/downscaling/postproc/results/vits_glm_vs_cnn_lmdz250/1979-01-01_2014-12-31/allmorr/test/cdd/results/cnn_pr_allmorr_calcul_land_strategy_per_year_corr_per_year_MAM.nc
Saved metrics to: /srv/data/mohammad.elaabaribao/work/papers/downscaling/postproc/results/vits_glm_vs_cnn_lmdz250/1979-01-01_2014-12-31/allmorr/test/cdd/results/cnn_pr_allmorr_calcul_land_strategy_per_year_corr_per_year_JJA.nc
Saved metrics to: /srv/data/mohammad.elaabaribao/work/papers/downscaling/postproc/results/vits_glm_vs_cnn_lmdz250/1979-01-01_2014-12-31/allmorr/test/cdd/results/cnn_pr_allmorr_calcul_land_strategy_per_year_corr_per_year_SON.nc
Results saved: /srv/data/mohammad.elaabaribao/work/papers/downscaling/postproc/results/vits_glm_vs_cnn_lmdz250/1979-01-01_2014-12-31/allmorr/test/cdd/results/seasonal_metrics_cnn_pr_allmorr_calcul_land_per_year.csv

Processing dataset: glm
Saved metrics to: /srv/data/mohammad.elaabaribao/work/papers/downscaling/postproc/results/vits_glm_vs_cnn_lmdz250/1979-01-01_2014-12-31/allmorr/test/cdd/results/glm_pr_allmorr_calcul_land_strategy_per_year_corr_per_year_Annual.nc
Saved metrics to: /srv/data/mohammad.elaabaribao/work/papers/downscaling/postproc/results/vits_glm_vs_cnn_lmdz250/1979-01-01_2014-12-31/allmorr/test/cdd/results/glm_pr_allmorr_calcul_land_strategy_per_year_corr_per_year_DJF.nc
Saved metrics to: /srv/data/mohammad.elaabaribao/work/papers/downscaling/postproc/results/vits_glm_vs_cnn_lmdz250/1979-01-01_2014-12-31/allmorr/test/cdd/results/glm_pr_allmorr_calcul_land_strategy_per_year_corr_per_year_MAM.nc
Saved metrics to: /srv/data/mohammad.elaabaribao/work/papers/downscaling/postproc/results/vits_glm_vs_cnn_lmdz250/1979-01-01_2014-12-31/allmorr/test/cdd/results/glm_pr_allmorr_calcul_land_strategy_per_year_corr_per_year_JJA.nc
Saved metrics to: /srv/data/mohammad.elaabaribao/work/papers/downscaling/postproc/results/vits_glm_vs_cnn_lmdz250/1979-01-01_2014-12-31/allmorr/test/cdd/results/glm_pr_allmorr_calcul_land_strategy_per_year_corr_per_year_SON.nc
Results saved: /srv/data/mohammad.elaabaribao/work/papers/downscaling/postproc/results/vits_glm_vs_cnn_lmdz250/1979-01-01_2014-12-31/allmorr/test/cdd/results/seasonal_metrics_glm_pr_allmorr_calcul_land_per_year.csv

Processing dataset: ViT_Exp21_Best
Saved metrics to: /srv/data/mohammad.elaabaribao/work/papers/downscaling/postproc/results/vits_glm_vs_cnn_lmdz250/1979-01-01_2014-12-31/allmorr/test/cdd/results/ViT_Exp21_Best_pr_allmorr_calcul_land_strategy_per_year_corr_per_year_Annual.nc
Saved metrics to: /srv/data/mohammad.elaabaribao/work/papers/downscaling/postproc/results/vits_glm_vs_cnn_lmdz250/1979-01-01_2014-12-31/allmorr/test/cdd/results/ViT_Exp21_Best_pr_allmorr_calcul_land_strategy_per_year_corr_per_year_DJF.nc
Saved metrics to: /srv/data/mohammad.elaabaribao/work/papers/downscaling/postproc/results/vits_glm_vs_cnn_lmdz250/1979-01-01_2014-12-31/allmorr/test/cdd/results/ViT_Exp21_Best_pr_allmorr_calcul_land_strategy_per_year_corr_per_year_MAM.nc
Saved metrics to: /srv/data/mohammad.elaabaribao/work/papers/downscaling/postproc/results/vits_glm_vs_cnn_lmdz250/1979-01-01_2014-12-31/allmorr/test/cdd/results/ViT_Exp21_Best_pr_allmorr_calcul_land_strategy_per_year_corr_per_year_JJA.nc
Saved metrics to: /srv/data/mohammad.elaabaribao/work/papers/downscaling/postproc/results/vits_glm_vs_cnn_lmdz250/1979-01-01_2014-12-31/allmorr/test/cdd/results/ViT_Exp21_Best_pr_allmorr_calcul_land_strategy_per_year_corr_per_year_SON.nc
Results saved: /srv/data/mohammad.elaabaribao/work/papers/downscaling/postproc/results/vits_glm_vs_cnn_lmdz250/1979-01-01_2014-12-31/allmorr/test/cdd/results/seasonal_metrics_ViT_Exp21_Best_pr_allmorr_calcul_land_per_year.csv

Processing dataset: vit_precip_exp22_hybrid_deep_reg
Saved metrics to: /srv/data/mohammad.elaabaribao/work/papers/downscaling/postproc/results/vits_glm_vs_cnn_lmdz250/1979-01-01_2014-12-31/allmorr/test/cdd/results/vit_precip_exp22_hybrid_deep_reg_pr_allmorr_calcul_land_strategy_per_year_corr_per_year_Annual.nc
Saved metrics to: /srv/data/mohammad.elaabaribao/work/papers/downscaling/postproc/results/vits_glm_vs_cnn_lmdz250/1979-01-01_2014-12-31/allmorr/test/cdd/results/vit_precip_exp22_hybrid_deep_reg_pr_allmorr_calcul_land_strategy_per_year_corr_per_year_DJF.nc
Saved metrics to: /srv/data/mohammad.elaabaribao/work/papers/downscaling/postproc/results/vits_glm_vs_cnn_lmdz250/1979-01-01_2014-12-31/allmorr/test/cdd/results/vit_precip_exp22_hybrid_deep_reg_pr_allmorr_calcul_land_strategy_per_year_corr_per_year_MAM.nc
Saved metrics to: /srv/data/mohammad.elaabaribao/work/papers/downscaling/postproc/results/vits_glm_vs_cnn_lmdz250/1979-01-01_2014-12-31/allmorr/test/cdd/results/vit_precip_exp22_hybrid_deep_reg_pr_allmorr_calcul_land_strategy_per_year_corr_per_year_JJA.nc
Saved metrics to: /srv/data/mohammad.elaabaribao/work/papers/downscaling/postproc/results/vits_glm_vs_cnn_lmdz250/1979-01-01_2014-12-31/allmorr/test/cdd/results/vit_precip_exp22_hybrid_deep_reg_pr_allmorr_calcul_land_strategy_per_year_corr_per_year_SON.nc
Results saved: /srv/data/mohammad.elaabaribao/work/papers/downscaling/postproc/results/vits_glm_vs_cnn_lmdz250/1979-01-01_2014-12-31/allmorr/test/cdd/results/seasonal_metrics_vit_precip_exp22_hybrid_deep_reg_pr_allmorr_calcul_land_per_year.csv

Generating plots for period: Annual...
Saved scientific spatial map: /srv/data/mohammad.elaabaribao/work/papers/downscaling/postproc/results/vits_glm_vs_cnn_lmdz250/1979-01-01_2014-12-31/allmorr/test/cdd/figures/all/spatial_cdd_comparison_Annual.png
Saved scientific spatial map: /srv/data/mohammad.elaabaribao/work/papers/downscaling/postproc/results/vits_glm_vs_cnn_lmdz250/1979-01-01_2014-12-31/allmorr/test/cdd/figures/all/spatial_cdd_error_Annual.png

Pipeline tests passed! ✅
--- Executing: python3 precip/extreme/cdd/plot_cdd.py
Traceback (most recent call last):
  File "/srv/data/mohammad.elaabaribao/work/papers/downscaling/postproc/precip/extreme/cdd/plot_cdd.py", line 85, in <module>
    main()
  File "/srv/data/mohammad.elaabaribao/work/papers/downscaling/postproc/precip/extreme/cdd/plot_cdd.py", line 24, in main
    params = config['parameters']
KeyError: 'parameters'
!!! Error executing python3 precip/extreme/cdd/plot_cdd.py

🔹 Processing: QQPLOT (ALLMORR)
--- Executing: python3 precip/extreme/qqplot/qqplot.py
Traceback (most recent call last):
  File "/srv/data/mohammad.elaabaribao/work/papers/downscaling/postproc/precip/extreme/qqplot/qqplot.py", line 117, in <module>
    main()
  File "/srv/data/mohammad.elaabaribao/work/papers/downscaling/postproc/precip/extreme/qqplot/qqplot.py", line 52, in main
    params = config['parameters']
KeyError: 'parameters'
!!! Error executing python3 precip/extreme/qqplot/qqplot.py
--- Executing: python3 precip/extreme/qqplot/plot_qqplot.py
Traceback (most recent call last):
  File "/srv/data/mohammad.elaabaribao/work/papers/downscaling/postproc/precip/extreme/qqplot/plot_qqplot.py", line 130, in <module>
    main()
  File "/srv/data/mohammad.elaabaribao/work/papers/downscaling/postproc/precip/extreme/qqplot/plot_qqplot.py", line 81, in main
    params = config['parameters']
KeyError: 'parameters'
!!! Error executing python3 precip/extreme/qqplot/plot_qqplot.py

🔹 Processing: R95 (ALLMORR)
--- Executing: python3 precip/extreme/r95/r95.py
Traceback (most recent call last):
  File "/srv/data/mohammad.elaabaribao/work/papers/downscaling/postproc/precip/extreme/r95/r95.py", line 186, in <module>
    main()
  File "/srv/data/mohammad.elaabaribao/work/papers/downscaling/postproc/precip/extreme/r95/r95.py", line 57, in main
    params = config['parameters']
KeyError: 'parameters'
!!! Error executing python3 precip/extreme/r95/r95.py
--- Executing: python3 precip/extreme/r95/plot_r95.py
Traceback (most recent call last):
  File "/srv/data/mohammad.elaabaribao/work/papers/downscaling/postproc/precip/extreme/r95/plot_r95.py", line 85, in <module>
    main()
  File "/srv/data/mohammad.elaabaribao/work/papers/downscaling/postproc/precip/extreme/r95/plot_r95.py", line 24, in main
    params = config['parameters']
KeyError: 'parameters'
!!! Error executing python3 precip/extreme/r95/plot_r95.py

🔹 Processing: R95_FREQ (ALLMORR)
--- Executing: python3 precip/extreme/r95_freq/r95_nbEvents_freq.py
Traceback (most recent call last):
  File "/srv/data/mohammad.elaabaribao/work/papers/downscaling/postproc/precip/extreme/r95_freq/r95_nbEvents_freq.py", line 176, in <module>
    main()
  File "/srv/data/mohammad.elaabaribao/work/papers/downscaling/postproc/precip/extreme/r95_freq/r95_nbEvents_freq.py", line 47, in main
    params = config['parameters']
KeyError: 'parameters'
!!! Error executing python3 precip/extreme/r95_freq/r95_nbEvents_freq.py
--- Executing: python3 precip/extreme/r95_freq/plot_r95_nbEvents_freq.py
Traceback (most recent call last):
  File "/srv/data/mohammad.elaabaribao/work/papers/downscaling/postproc/precip/extreme/r95_freq/plot_r95_nbEvents_freq.py", line 85, in <module>
    main()
  File "/srv/data/mohammad.elaabaribao/work/papers/downscaling/postproc/precip/extreme/r95_freq/plot_r95_nbEvents_freq.py", line 24, in main
    params = config['parameters']
KeyError: 'parameters'
!!! Error executing python3 precip/extreme/r95_freq/plot_r95_nbEvents_freq.py

====================================================
   Post-Processing Finished for all regions!
====================================================
======================================
Job completed.
======================================
