Starting annual cycle plotting script on CPU...
[INFO] Loading observations from: /home/mohammad.elaabaribao/lustre/climat-um6p-st-iwri-7ksifkvwkuy/users/mohammad.elaabaribao/data/insitu/ABH_stations_plusziz_and_abhbc1.xlsx
[INFO] Please wait, loading large Excel files can take a few minutes...
[INFO] Successfully loaded 1048575 rows from Excel.
[INFO] Filtered observations to 2006-2020.
[INFO] Loading NetCDF datasets...
       -> Loading mswep from mswep_1979_2020.nc...
       -> Loading glm from glm.nc...
       -> Loading unet from unet.nc...
       -> Loading vit from vit.nc...
       -> Loading cnn from cnn.nc...
[INFO] Initializing figure...
[INFO] Processing station 1/5: TANGER
Traceback (most recent call last):
  File "/srv/data/mohammad.elaabaribao/work/papers/downscaling/postproc/insitu/annual_cycle.py", line 69, in <module>
    lat = st["Latitude"].iloc[0]
  File "/home/mohammad.elaabaribao/.conda/envs/clean_env_Pytorch/lib/python3.9/site-packages/pandas/core/indexing.py", line 1191, in __getitem__
    return self._getitem_axis(maybe_callable, axis=axis)
  File "/home/mohammad.elaabaribao/.conda/envs/clean_env_Pytorch/lib/python3.9/site-packages/pandas/core/indexing.py", line 1752, in _getitem_axis
    self._validate_integer(key, axis)
  File "/home/mohammad.elaabaribao/.conda/envs/clean_env_Pytorch/lib/python3.9/site-packages/pandas/core/indexing.py", line 1685, in _validate_integer
    raise IndexError("single positional indexer is out-of-bounds")
IndexError: single positional indexer is out-of-bounds
Script finished!
